[vijaysprogramming.in/index.html]
[backblue.gif]
[fade.gif]
[index.html]
[vijaysprogramming.in/images/vijays-programming-website-favicon-color.png]
[vijaysprogramming.in/styles/bootstrap4/bootstrap.min.css]
[vijaysprogramming.in/plugins/fontawesome-free-5.0.1/css/fontawesome-all.css]
[vijaysprogramming.in/plugins/OwlCarousel2-2.2.1/owl.carousel.css]
[vijaysprogramming.in/plugins/OwlCarousel2-2.2.1/owl.theme.default.css]
[vijaysprogramming.in/plugins/OwlCarousel2-2.2.1/animate.css]
[vijaysprogramming.in/styles/main_styles.css]
[vijaysprogramming.in/styles/responsive.css]
[vijaysprogramming.in/images/vpminimalwhitebcg.png]
[vijaysprogramming.in/images/phone-call.svg]
[vijaysprogramming.in/images/earth-globe.svg]
[vijaysprogramming.in/images/main-bcg.jpg]
[vijaysprogramming.in/images/books.svg]
[vijaysprogramming.in/images/professor.svg]
[vijaysprogramming.in/images/JavaJ2EE.jpg]
[vijaysprogramming.in/courses.html]
[vijaysprogramming.in/images/pythoncropped.png]
[vijaysprogramming.in/images/wedev.png]
[vijaysprogramming.in/images/exam.svg]
[vijaysprogramming.in/images/blackboard.svg]
[vijaysprogramming.in/images/mortarboard.svg]
[vijaysprogramming.in/images/review-images/studentsgathered.jpg]
[vijaysprogramming.in/images/review-images/syam.png]
[vijaysprogramming.in/images/review-images/shalini.jpg]
[vijaysprogramming.in/images/review-images/vasundara.jpg]
[vijaysprogramming.in/images/review-images/vishnu.jpg]
[vijaysprogramming.in/images/review-images/chandan.png]
[vijaysprogramming.in/images/review-images/deekshit.png]
[vijaysprogramming.in/images/review-images/sivamyadav.png]
[vijaysprogramming.in/images/review-images/sunilraj.png]
[vijaysprogramming.in/images/review-images/arvind.png]
[vijaysprogramming.in/images/review-images/female.png]
[vijaysprogramming.in/images/review-images/bunnysrinivas.png]
[vijaysprogramming.in/images/review-images/ramkumar.png]
[vijaysprogramming.in/images/review-images/pradeepraj.png]
[vijaysprogramming.in/images/review-images/masood.png]
[vijaysprogramming.in/images/review-images/vishnavi.png]
[vijaysprogramming.in/images/review-images/rahul.png]
[vijaysprogramming.in/images/review-images/bhaskar.png]
[vijaysprogramming.in/images/review-images/male-icon.png]
[vijaysprogramming.in/images/review-images/vidyashankar.png]
[vijaysprogramming.in/images/review-images/lokesh.png]
[vijaysprogramming.in/images/review-images/divyateja.png]
[vijaysprogramming.in/images/placeholder.svg]
[vijaysprogramming.in/images/smartphone.svg]
[vijaysprogramming.in/images/envelope.svg]
[vijaysprogramming.in/js/jquery-3.2.1.min.js]
[vijaysprogramming.in/styles/bootstrap4/popper.js]
[vijaysprogramming.in/styles/bootstrap4/bootstrap.min.js]
[vijaysprogramming.in/plugins/greensock/TweenMax.min.js]
[vijaysprogramming.in/plugins/greensock/TimelineMax.min.js]
[vijaysprogramming.in/plugins/scrollmagic/ScrollMagic.min.js]
[vijaysprogramming.in/plugins/greensock/animation.gsap.min.js]
[vijaysprogramming.in/plugins/greensock/ScrollToPlugin.min.js]
[vijaysprogramming.in/plugins/OwlCarousel2-2.2.1/owl.carousel.js]
[vijaysprogramming.in/plugins/scrollTo/jquery.scrollTo.min.js]
[vijaysprogramming.in/plugins/easing/easing.js]
[vijaysprogramming.in/js/custom.js]
[vijaysprogramming.in/index.html]
[vijaysprogramming.in/styles/bootstrap4/bootstrap.min.css]
[vijaysprogramming.in/plugins/fontawesome-free-5.0.1/webfonts/fa-brands-400.eot]
[vijaysprogramming.in/plugins/fontawesome-free-5.0.1/webfonts/fa-brands-400d41d.eot]
[vijaysprogramming.in/plugins/fontawesome-free-5.0.1/webfonts/fa-brands-400.woff2]
[vijaysprogramming.in/plugins/fontawesome-free-5.0.1/webfonts/fa-brands-400.woff]
[vijaysprogramming.in/plugins/fontawesome-free-5.0.1/webfonts/fa-brands-400.ttf]
[vijaysprogramming.in/plugins/fontawesome-free-5.0.1/webfonts/fa-brands-400.svg]
[vijaysprogramming.in/plugins/fontawesome-free-5.0.1/webfonts/fa-regular-400.eot]
[vijaysprogramming.in/plugins/fontawesome-free-5.0.1/webfonts/fa-regular-400d41d.eot]
[vijaysprogramming.in/plugins/fontawesome-free-5.0.1/webfonts/fa-regular-400.woff2]
[vijaysprogramming.in/plugins/fontawesome-free-5.0.1/webfonts/fa-regular-400.woff]
[vijaysprogramming.in/plugins/fontawesome-free-5.0.1/webfonts/fa-regular-400.ttf]
[vijaysprogramming.in/plugins/fontawesome-free-5.0.1/webfonts/fa-regular-400.svg]
[vijaysprogramming.in/plugins/fontawesome-free-5.0.1/webfonts/fa-solid-900.eot]
[vijaysprogramming.in/plugins/fontawesome-free-5.0.1/webfonts/fa-solid-900d41d.eot]
[vijaysprogramming.in/plugins/fontawesome-free-5.0.1/webfonts/fa-solid-900.woff2]
[vijaysprogramming.in/plugins/fontawesome-free-5.0.1/webfonts/fa-solid-900.woff]
[vijaysprogramming.in/plugins/fontawesome-free-5.0.1/webfonts/fa-solid-900.ttf]
[vijaysprogramming.in/plugins/fontawesome-free-5.0.1/css/fontawesome-all.css]
[vijaysprogramming.in/plugins/fontawesome-free-5.0.1/webfonts/fa-solid-900.svg]
[vijaysprogramming.in/plugins/OwlCarousel2-2.2.1/owl.video.play.png]
[vijaysprogramming.in/plugins/OwlCarousel2-2.2.1/owl.carousel.css]
[vijaysprogramming.in/plugins/OwlCarousel2-2.2.1/owl.theme.default.css]
[vijaysprogramming.in/plugins/OwlCarousel2-2.2.1/animate.css]
[vijaysprogramming.in/styles/main_styles.css]
[vijaysprogramming.in/styles/responsive.css]
[vijaysprogramming.in/images/phone-call.svg]
[vijaysprogramming.in/images/earth-globe.svg]
[vijaysprogramming.in/images/books.svg]
[vijaysprogramming.in/images/professor.svg]
[vijaysprogramming.in/styles/courses_styles.css]
[vijaysprogramming.in/styles/courses_responsive.css]
[vijaysprogramming.in/images/logo.png]
[vijaysprogramming.in/index-2.html]
[vijaysprogramming.in/elements.html]
[vijaysprogramming.in/news.html]
[vijaysprogramming.in/contact.html]
[vijaysprogramming.in/images/courses_background.jpg]
[vijaysprogramming.in/images/course_1.jpg]
[vijaysprogramming.in/images/author.jpg]
[vijaysprogramming.in/images/course_2.jpg]
[vijaysprogramming.in/images/course_3.jpg]
[vijaysprogramming.in/images/course_4.jpg]
[vijaysprogramming.in/images/course_5.jpg]
[vijaysprogramming.in/images/course_6.jpg]
[vijaysprogramming.in/images/course_7.jpg]
[vijaysprogramming.in/images/course_8.jpg]
[vijaysprogramming.in/images/course_9.jpg]
[vijaysprogramming.in/js/courses_custom.js]
[vijaysprogramming.in/courses.html]
[vijaysprogramming.in/images/exam.svg]
[vijaysprogramming.in/images/blackboard.svg]
[vijaysprogramming.in/images/mortarboard.svg]
[vijaysprogramming.in/images/placeholder.svg]
[vijaysprogramming.in/images/smartphone.svg]
[vijaysprogramming.in/images/envelope.svg]
[vijaysprogramming.in/plugins/fontawesome-free-5.0.1/webfonts/fa-brands-400.svg]
[vijaysprogramming.in/plugins/fontawesome-free-5.0.1/webfonts/fa-regular-400.svg]
[vijaysprogramming.in/plugins/fontawesome-free-5.0.1/webfonts/fa-solid-900.svg]
[vijaysprogramming.in/styles/courses_styles.css]
[vijaysprogramming.in/styles/courses_responsive.css]
[vijaysprogramming.in/index-2.html]
[vijaysprogramming.in/styles/elements_styles.css]
[vijaysprogramming.in/styles/elements_responsive.css]
[vijaysprogramming.in/images/contact_background.jpg]
[vijaysprogramming.in/images/milestones_background.jpg]
[vijaysprogramming.in/images/milestone_1.svg]
[vijaysprogramming.in/images/milestone_2.svg]
[vijaysprogramming.in/images/milestone_3.svg]
[vijaysprogramming.in/images/milestone_4.svg]
[vijaysprogramming.in/plugins/progressbar/progressbar.min.js]
[vijaysprogramming.in/js/elements_custom.js]
[vijaysprogramming.in/elements.html]
[vijaysprogramming.in/styles/news_styles.css]
[vijaysprogramming.in/styles/news_responsive.css]
[vijaysprogramming.in/images/news_background.jpg]
[vijaysprogramming.in/images/news_1.jpg]
[vijaysprogramming.in/news_post.html]
[vijaysprogramming.in/images/news_2.jpg]
[vijaysprogramming.in/images/news_3.jpg]
[vijaysprogramming.in/images/latest_1.jpg]
[vijaysprogramming.in/images/latest_2.jpg]
[vijaysprogramming.in/images/latest_3.jpg]
[vijaysprogramming.in/js/news_custom.js]
[vijaysprogramming.in/news.html]
[vijaysprogramming.in/styles/contact_styles.css]
[vijaysprogramming.in/styles/contact_responsive.css]
[vijaysprogramming.in/js/contact_custom.js]
[vijaysprogramming.in/contact.html]
[vijaysprogramming.in/styles/elements_styles.css]
[vijaysprogramming.in/styles/elements_responsive.css]
[vijaysprogramming.in/images/milestone_1.svg]
[vijaysprogramming.in/images/milestone_2.svg]
[vijaysprogramming.in/images/milestone_3.svg]
[vijaysprogramming.in/images/milestone_4.svg]
[vijaysprogramming.in/styles/news_styles.css]
[vijaysprogramming.in/styles/news_responsive.css]
[vijaysprogramming.in/styles/news_post_styles.css]
[vijaysprogramming.in/styles/news_post_responsive.css]
[vijaysprogramming.in/images/comment_1.jpg]
[vijaysprogramming.in/images/comment_2.jpg]
[vijaysprogramming.in/js/news_post_custom.js]
[vijaysprogramming.in/news_post.html]
[vijaysprogramming.in/styles/contact_styles.css]
[vijaysprogramming.in/styles/contact_responsive.css]
[vijaysprogramming.in/styles/news_post_styles.css]
[vijaysprogramming.in/styles/news_post_responsive.css]
